2026-01-13 09:06:25 - Order processed via Stripe - User: 1
2026-01-13 09:11:19 - Order processed via PayPal - User: 1
2026-01-26 10:45:02 - Order processed via Stripe - User: 2
2026-01-28 15:59:31 - Payment via Stripe - User: Guest
2026-01-28 16:00:05 - Payment via PayPal - User: Guest
2026-01-28 16:04:39 - Payment via PayPal - User: Guest
2026-01-28 16:06:24 - Payment via Razorpay - User: 3
2026-01-28 16:10:51 - Payment via Razorpay - User: 3
2026-01-28 16:43:10 - Payment via Razorpay - User: 3
2026-02-23 10:26:54 - Payment via Stripe - User: 3
2026-02-23 11:06:45 - Payment via Razorpay - User: 3
2026-02-23 11:19:56 - Payment via PayPal - User: 3
2026-02-25 09:00:19 - Payment via Stripe - User: 3
2026-02-25 09:10:13 - Payment via PayPal - User: 3
2026-02-25 10:19:46 - Payment via Razorpay - User: 3
2026-02-25 10:20:39 - Payment via Razorpay - User: 3
2026-02-25 10:44:56 - Payment via Razorpay - User: 3
2026-02-25 10:50:16 - Payment via PayPal - User: 3
2026-02-25 11:26:02 - Payment via PayPal - User: 3
2026-02-25 11:35:51 - Payment via Razorpay - User: 3
2026-02-25 11:40:45 - Payment via PayPal - User: 3
